Processing 12 papers...

--- 2018-Interfaces Between Cathode and Electrolyte in Soli ---
  13 measurements in 1 batches
  Enriched 13/13 measurements
  Saved: 2018-Interfaces Between Cathode and Electrolyte in Soli_v5_extracted_mapped.json

--- 2019-Solid-State Electrolytes for Lithium-Ion Batteries ---
  658 measurements in 33 batches
  Enriched 658/658 measurements
  Saved: 2019-Solid-State Electrolytes for Lithium-Ion Batteries_v5_extracted_mapped.json

--- 2020-From Liquid- to Solid-State Batteries Ion Transfer ---
  1 measurements in 1 batches
  Enriched 1/1 measurements
  Saved: 2020-From Liquid- to Solid-State Batteries Ion Transfer_v5_extracted_mapped.json

--- 2020-Recent Developments and Challenges in Hybrid Solid ---
  42 measurements in 3 batches
  Enriched 42/42 measurements
  Saved: 2020-Recent Developments and Challenges in Hybrid Solid_v5_extracted_mapped.json

--- 2021-Garnet-type solid electrolyte Advances of ionic tr ---
  66 measurements in 4 batches
  Enriched 66/66 measurements
  Saved: 2021-Garnet-type solid electrolyte Advances of ionic tr_v5_extracted_mapped.json

--- 2021-PEO based polymer-ceramic hybrid solid electrolyte ---
  197 measurements in 10 batches
  Enriched 197/197 measurements
  Saved: 2021-PEO based polymer-ceramic hybrid solid electrolyte_v5_extracted_mapped.json

--- 2022-Advanced inorganicpolymer hybrid electrolytes for  ---
  119 measurements in 6 batches
  Enriched 119/119 measurements
  Saved: 2022-Advanced inorganicpolymer hybrid electrolytes for _v5_extracted_mapped.json

--- 2022-Research progress in stable interfacial constructi ---
  3 measurements in 1 batches
  Enriched 3/3 measurements
  Saved: 2022-Research progress in stable interfacial constructi_v5_extracted_mapped.json

--- 2023-From Liquid to Solid-State Lithium Metal Batteries ---
  22 measurements in 2 batches
  Enriched 22/22 measurements
  Saved: 2023-From Liquid to Solid-State Lithium Metal Batteries_v5_extracted_mapped.json

--- 2023-Printed Solid-State Batteries ---
  29 measurements in 2 batches
  Enriched 29/29 measurements
  Saved: 2023-Printed Solid-State Batteries_v5_extracted_mapped.json

--- 2024-Closed Battery Systems ---
  17 measurements in 1 batches
  Enriched 17/17 measurements
  Saved: 2024-Closed Battery Systems_v5_extracted_mapped.json

--- 2024-Recent advances in solid-state lithium batteries b ---
  7 measurements in 1 batches
  Enriched 7/7 measurements
  Saved: 2024-Recent advances in solid-state lithium batteries b_v5_extracted_mapped.json

=== Done. Total enriched: 1174 ===
