[0;34m========================================[0m
[0;34mUNIFIED DATA EXTRACTION PIPELINE[0m
[0;34m========================================[0m
[0;34m[INFO][0m Paper: 10_3389_fenrg_2016_00028
[0;34m[INFO][0m MD File: ./fetched_papers/obelix_md2/10_3389_fenrg_2016_00028/10_3389_fenrg_2016_00028.md
[0;34m[INFO][0m Asset Directory: ./fetched_papers/obelix_md2/10_3389_fenrg_2016_00028
[0;34m[INFO][0m Log File: ./fetched_papers/obelix_parsed2/10_3389_fenrg_2016_00028_pipeline_20260114_163547.log

[0;32m[STEP 1/3][0m Converting MD file to JSON structure...


--- Starting Async Semantic Parser ---

--- Starting Async Semantic Parser ---
Processing: ./fetched_papers/obelix_md2/10_3389_fenrg_2016_00028/10_3389_fenrg_2016_00028.md
🚀 Starting Async Semantic Parser...
  -> Started Section: Introduction
  -> Started Section: Abstract / Introduction
  -> Started Section: *Edited by:*
  -> Started Section: *Reviewed by:*
  -> Started Section: *\*Correspondence:*
  -> Started Section: *Specialty section:*
  -> Started Section: *Citation:*
  -> Started Section: INTRODUCTION
  -> Started Section: Synthesis and Characterization of LLBZT
  -> Started Section: TNO Film Electrode Fabrication on LLBZT and Its Characterization
  -> Started Section: Characterization of LLBZT with Different Ba Contents
[0;31m[ERROR][0m Failed to convert MD to JSON structure
