[0;34m========================================[0m
[0;34mUNIFIED DATA EXTRACTION PIPELINE[0m
[0;34m========================================[0m
[0;34m[INFO][0m Paper: synthesis_structure_and_ionic_conductivity_of_solid_solution_li_10_m_1_p_2_s_12_m_si_sn
[0;34m[INFO][0m MD File: ./fetched_papers/obelix_md2/synthesis_structure_and_ionic_conductivity_of_solid_solution_li_10_m_1_p_2_s_12_m_si_sn/synthesis_structure_and_ionic_conductivity_of_solid_solution_li_10_m_1_p_2_s_12_m_si_sn.md
[0;34m[INFO][0m Asset Directory: ./fetched_papers/obelix_md2/synthesis_structure_and_ionic_conductivity_of_solid_solution_li_10_m_1_p_2_s_12_m_si_sn
[0;34m[INFO][0m Log File: ./fetched_papers/obelix_parsed2/synthesis_structure_and_ionic_conductivity_of_solid_solution_li_10_m_1_p_2_s_12_m_si_sn_pipeline_20260114_163537.log

[0;32m[STEP 1/3][0m Converting MD file to JSON structure...


--- Starting Async Semantic Parser ---

--- Starting Async Semantic Parser ---
Processing: ./fetched_papers/obelix_md2/synthesis_structure_and_ionic_conductivity_of_solid_solution_li_10_m_1_p_2_s_12_m_si_sn/synthesis_structure_and_ionic_conductivity_of_solid_solution_li_10_m_1_p_2_s_12_m_si_sn.md
🚀 Starting Async Semantic Parser...
  -> Started Section: Abstract / Introduction
  -> Started Section: Synthesis, structure, and ionic conductivity of solid solution, $\text{Li}_{10+\delta}M_{1+\delta}P_{2-\delta}S_{12}$ (M = Si, Sn)
  -> Started Section: Introduction
  -> Started Section: **Experimental**
  -> Started Section: Materials synthesis
  -> Started Section: Silicon system
  -> Started Section: Silicon solid-solution system
  -> Started Section: Tin solid-solution system
  -> Started Section: Solid solutions of the LGPS-type phases
  -> Started Section: **Electrochemical properties**
  -> Started Section: Conclusion
  -> Started Section: Acknowledgements
  -> Started Section: References
  🔍 Checking placeholder: '__IMG_0d79a7aa__'
  ✅ Found Special Node: __IMG_0d79a7aa__
[0;31m[ERROR][0m Failed to convert MD to JSON structure
