[0;34m========================================[0m
[0;34mDATA EXTRACTION PIPELINE v5[0m
[0;34m=========================================[0m
[0;34m[INFO][0m Paper: ionic_conductivity_of_solid_electrolytes_based_on_lithium_titanium_phosphate
[0;34m[INFO][0m MD File: ./fetched_papers/obelix_md/ionic_conductivity_of_solid_electrolytes_based_on_lithium_titanium_phosphate/ionic_conductivity_of_solid_electrolytes_based_on_lithium_titanium_phosphate.md
[0;34m[INFO][0m Asset Directory: ./fetched_papers/obelix_md/ionic_conductivity_of_solid_electrolytes_based_on_lithium_titanium_phosphate
[0;34m[INFO][0m Log File: ./fetched_papers/obelix_parsed_v5/ionic_conductivity_of_solid_electrolytes_based_on_lithium_titanium_phosphate_v5_pipeline_20260211_080830.log

[0;32m[STEP 1/2][0m Extracting data directly from MD file...

✅ SpaCy loaded with custom tokenization rules.
   ✂️ De-duplicating 4 tables from Markdown text...
       - Replaced 'Unknown' in section '**Results and Discussion**'
       - Replaced 'Unknown' in section '**Results and Discussion**'
       - Replaced 'Unknown' in section '**Results and Discussion**'
       - Replaced 'Unknown' in section '**Results and Discussion**'
   --- Document: Ionic Conductivity of Solid Electrolytes Based on Lithium Titanium Phosphate
   --- Found: 8 Sections
   --- Found: 11 Figures, 4 Tables

   --- Found Assets in Sections:

   >>> Section '**Results and Discussion**' contains:
       - 11 Images: ['Fig 4', 'Fig 8', 'Fig 9', 'Fig 3', 'Fig 5', 'Fig 6', 'Fig 1', 'Fig 2', 'Fig 7', 'Unknown', 'Fig 9']
       - 4 Tables: ['Unknown', 'Unknown', 'Unknown', 'Unknown']

   --- Found Assets in Sections ---


   [91m[Warning][0m Skipping section: REFERENCES
   ... Processing 22 items (Text + Images) simultaneously ...
[0;31m[ERROR][0m Failed during extraction step
