[0;34m========================================[0m
[0;34mDATA EXTRACTION PIPELINE v5[0m
[0;34m=========================================[0m
[0;34m[INFO][0m Paper: 10_3389_fenrg_2016_00028
[0;34m[INFO][0m MD File: /Users/bourn23/Downloads/general/PageIndex/fetched_papers/obelix_md2/10_3389_fenrg_2016_00028/10_3389_fenrg_2016_00028.md
[0;34m[INFO][0m Asset Directory: /Users/bourn23/Downloads/general/PageIndex/fetched_papers/obelix_md2/10_3389_fenrg_2016_00028
[0;34m[INFO][0m Log File: ./fetched_papers/obelix_parsed_v5/10_3389_fenrg_2016_00028_v5_pipeline_20260211_105219.log

[0;32m[STEP 1/2][0m Extracting data directly from MD file...

✅ SpaCy loaded with custom tokenization rules.
   ✂️ De-duplicating 2 tables from Markdown text...
       - Replaced 'Table 1' in section 'Characterization of LLBZT with Different Ba Contents'
       - Replaced 'Table 2' in section 'Ionic Conductivity and Electrochemical Stability of LLBZT'
   --- Document: [Development of Lithium-Stuffed](http://www.frontiersin.org/Journal/10.3389/fenrg.2016.00028/abstract) [Garnet-Type Oxide Solid Electrolytes](http://www.frontiersin.org/Journal/10.3389/fenrg.2016.00028/abstract) [with High Ionic Conductivity for](http://www.frontiersin.org/Journal/10.3389/fenrg.2016.00028/abstract) [Application to All-Solid-State](http://www.frontiersin.org/Journal/10.3389/fenrg.2016.00028/abstract) [Batteries](http://www.frontiersin.org/Journal/10.3389/fenrg.2016.00028/abstract)
   --- Found: 17 Sections
   --- Found: 15 Figures, 2 Tables
   [91m[Warning][0m Number of images found does not match number of image files in asset directory

   --- Found Assets in Sections:

   >>> Section 'Introduction' contains:
       - 2 Images: ['Unknown', 'Unknown']

   >>> Section 'Characterization of LLBZT with Different Ba Contents' contains:
       - 5 Images: ['Table 1', 'Fig 5', 'Fig 4', 'Fig 3', 'Table 1']
       - 1 Tables: ['Table 1']

   >>> Section 'Ionic Conductivity and Electrochemical Stability of LLBZT' contains:
       - 6 Images: ['Fig 9', 'Fig 5', 'Fig 4', 'Fig 6', 'Table 2', 'Fig 8']
       - 1 Tables: ['Table 2']

   >>> Section 'Characterization of TNO Film Electrode Formed on LLBZT' contains:
       - 3 Images: ['Fig 11', 'Fig 10', 'Fig 11']

   >>> Section 'CONCLUSION' contains:
       - 1 Images: ['Unknown']

   --- Found Assets in Sections ---


   [91m[Warning][0m Skipping section: REFERENCES
   ... Processing 33 items (Text + Images) simultaneously ...
