[0;34m========================================[0m
[0;34mDATA EXTRACTION PIPELINE v5[0m
[0;34m=========================================[0m
[0;34m[INFO][0m Paper: synthesis_structure_and_ionic_conductivity_of_solid_solution_li_10_m_1_p_2_s_12_m_si_sn
[0;34m[INFO][0m MD File: ./fetched_papers/obelix_md2/synthesis_structure_and_ionic_conductivity_of_solid_solution_li_10_m_1_p_2_s_12_m_si_sn/synthesis_structure_and_ionic_conductivity_of_solid_solution_li_10_m_1_p_2_s_12_m_si_sn.md
[0;34m[INFO][0m Asset Directory: ./fetched_papers/obelix_md2/synthesis_structure_and_ionic_conductivity_of_solid_solution_li_10_m_1_p_2_s_12_m_si_sn
[0;34m[INFO][0m Log File: ./fetched_papers/obelix_parsed_v5/synthesis_structure_and_ionic_conductivity_of_solid_solution_li_10_m_1_p_2_s_12_m_si_sn_v5_pipeline_20260203_114718.log

[0;32m[STEP 1/2][0m Extracting data directly from MD file...

✅ SpaCy loaded with custom tokenization rules.
   ✂️ De-duplicating 1 tables from Markdown text...
       - Replaced 'Table 1' in section 'Silicon system'
   --- Document: **Faraday Discussions**
   --- Found: 13 Sections
   --- Found: 9 Figures, 1 Tables

   --- Found Assets in Sections:

   >>> Section 'Abstract / Introduction' contains:
       - 1 Images: ['Unknown']

   >>> Section 'Introduction' contains:
       - 1 Images: ['Fig 1f']

   >>> Section 'Silicon system' contains:
       - 1 Images: ['Fig 2a']
       - 1 Tables: ['Table 1']

   >>> Section 'Silicon solid-solution system' contains:
       - 1 Images: ['Fig 3a']

   >>> Section 'Tin solid-solution system' contains:
       - 2 Images: ['Fig 4a', 'Fig 3a']

   >>> Section 'Solid solutions of the LGPS-type phases' contains:
       - 3 Images: ['Fig 4a', 'Fig 6a', 'Fig 5a']

   >>> Section '**Electrochemical properties**' contains:
       - 3 Images: ['Fig 7a', 'Fig 8a', 'Fig 6a']

   --- Found Assets in Sections ---


   [91m[Warning][0m Skipping section: Acknowledgements
   [91m[Warning][0m Skipping section: References
   ... Processing 21 items (Text + Images) simultaneously ...
[0;31m[ERROR][0m Failed during extraction step
